\BOOKMARK [0][-]{chapter.1}{\376\377\0001\000\040\000R\000E\000A\000D\000M\000E\000\040}{}% 1
\BOOKMARK [1][-]{subsection.1.0.1}{\376\377\0001\000.\0000\000.\0001\000\040\000V\0000\000.\0004\000\040\000t\000e\000s\000t\000a\000v\000i\000m\000a\000i}{chapter.1}% 2
\BOOKMARK [2][-]{subsection.1.0.2}{\376\377\0001\000.\0000\000.\0002\000\040\000P\000a\000d\000a\000r\000y\000t\000i\000\040\000p\000o\000k\000y\001\015\000i\000a\000i\000\040\000-\000\040\000S\000t\000r\000u\000c\000t\000\040\000p\000a\000k\000e\000i\000s\000t\000a\000s\000\040\001\057\000\040\000C\000l\000a\000s\000s\000.}{subsection.1.0.1}% 3
\BOOKMARK [0][-]{chapter.2}{\376\377\0002\000\040\000H\000i\000e\000r\000a\000r\000c\000h\000i\000c\000a\000l\000\040\000I\000n\000d\000e\000x}{}% 4
\BOOKMARK [1][-]{section.2.1}{\376\377\0002\000.\0001\000\040\000C\000l\000a\000s\000s\000\040\000H\000i\000e\000r\000a\000r\000c\000h\000y}{chapter.2}% 5
\BOOKMARK [0][-]{chapter.3}{\376\377\0003\000\040\000C\000l\000a\000s\000s\000\040\000I\000n\000d\000e\000x}{}% 6
\BOOKMARK [1][-]{section.3.1}{\376\377\0003\000.\0001\000\040\000C\000l\000a\000s\000s\000\040\000L\000i\000s\000t}{chapter.3}% 7
\BOOKMARK [0][-]{chapter.4}{\376\377\0004\000\040\000F\000i\000l\000e\000\040\000I\000n\000d\000e\000x}{}% 8
\BOOKMARK [1][-]{section.4.1}{\376\377\0004\000.\0001\000\040\000F\000i\000l\000e\000\040\000L\000i\000s\000t}{chapter.4}% 9
\BOOKMARK [0][-]{chapter.5}{\376\377\0005\000\040\000C\000l\000a\000s\000s\000\040\000D\000o\000c\000u\000m\000e\000n\000t\000a\000t\000i\000o\000n}{}% 10
\BOOKMARK [1][-]{section.5.1}{\376\377\0005\000.\0001\000\040\000S\000t\000u\000d\000e\000n\000t\000a\000s\000<\000\040\000G\000r\000a\000d\000e\000C\000o\000n\000t\000a\000i\000n\000e\000r\000\040\000>\000\040\000C\000l\000a\000s\000s\000\040\000T\000e\000m\000p\000l\000a\000t\000e\000\040\000R\000e\000f\000e\000r\000e\000n\000c\000e}{chapter.5}% 11
\BOOKMARK [2][-]{subsection.5.1.1}{\376\377\0005\000.\0001\000.\0001\000\040\000D\000e\000t\000a\000i\000l\000e\000d\000\040\000D\000e\000s\000c\000r\000i\000p\000t\000i\000o\000n}{section.5.1}% 12
\BOOKMARK [2][-]{subsection.5.1.2}{\376\377\0005\000.\0001\000.\0002\000\040\000C\000o\000n\000s\000t\000r\000u\000c\000t\000o\000r\000\040\000\046\000\040\000D\000e\000s\000t\000r\000u\000c\000t\000o\000r\000\040\000D\000o\000c\000u\000m\000e\000n\000t\000a\000t\000i\000o\000n}{section.5.1}% 13
\BOOKMARK [3][-]{subsubsection.5.1.2.1}{\376\377\0005\000.\0001\000.\0002\000.\0001\000\040\000S\000t\000u\000d\000e\000n\000t\000a\000s\000\050\000\051\000\040\000[\0001\000/\0003\000]}{subsection.5.1.2}% 14
\BOOKMARK [3][-]{subsubsection.5.1.2.2}{\376\377\0005\000.\0001\000.\0002\000.\0002\000\040\000S\000t\000u\000d\000e\000n\000t\000a\000s\000\050\000\051\000\040\000[\0002\000/\0003\000]}{subsection.5.1.2}% 15
\BOOKMARK [3][-]{subsubsection.5.1.2.3}{\376\377\0005\000.\0001\000.\0002\000.\0003\000\040\000S\000t\000u\000d\000e\000n\000t\000a\000s\000\050\000\051\000\040\000[\0003\000/\0003\000]}{subsection.5.1.2}% 16
\BOOKMARK [3][-]{subsubsection.5.1.2.4}{\376\377\0005\000.\0001\000.\0002\000.\0004\000\040\000~\000S\000t\000u\000d\000e\000n\000t\000a\000s\000\050\000\051}{subsection.5.1.2}% 17
\BOOKMARK [2][-]{subsection.5.1.3}{\376\377\0005\000.\0001\000.\0003\000\040\000M\000e\000m\000b\000e\000r\000\040\000F\000u\000n\000c\000t\000i\000o\000n\000\040\000D\000o\000c\000u\000m\000e\000n\000t\000a\000t\000i\000o\000n}{section.5.1}% 18
\BOOKMARK [3][-]{subsubsection.5.1.3.1}{\376\377\0005\000.\0001\000.\0003\000.\0001\000\040\000e\000g\000z\000a\000m\000i\000n\000a\000s\000\050\000\051}{subsection.5.1.3}% 19
\BOOKMARK [3][-]{subsubsection.5.1.3.2}{\376\377\0005\000.\0001\000.\0003\000.\0002\000\040\000m\000e\000d\000i\000a\000n\000a\000\050\000\051}{subsection.5.1.3}% 20
\BOOKMARK [3][-]{subsubsection.5.1.3.3}{\376\377\0005\000.\0001\000.\0003\000.\0003\000\040\000o\000p\000e\000r\000a\000t\000o\000r\000=\000\050\000\051\000\040\000[\0001\000/\0002\000]}{subsection.5.1.3}% 21
\BOOKMARK [3][-]{subsubsection.5.1.3.4}{\376\377\0005\000.\0001\000.\0003\000.\0004\000\040\000o\000p\000e\000r\000a\000t\000o\000r\000=\000\050\000\051\000\040\000[\0002\000/\0002\000]}{subsection.5.1.3}% 22
\BOOKMARK [3][-]{subsubsection.5.1.3.5}{\376\377\0005\000.\0001\000.\0003\000.\0005\000\040\000p\000a\000z\000y\000m\000i\000a\000i\000\050\000\051\000\040\000[\0001\000/\0002\000]}{subsection.5.1.3}% 23
\BOOKMARK [3][-]{subsubsection.5.1.3.6}{\376\377\0005\000.\0001\000.\0003\000.\0006\000\040\000p\000a\000z\000y\000m\000i\000a\000i\000\050\000\051\000\040\000[\0002\000/\0002\000]}{subsection.5.1.3}% 24
\BOOKMARK [3][-]{subsubsection.5.1.3.7}{\376\377\0005\000.\0001\000.\0003\000.\0007\000\040\000s\000e\000t\000E\000g\000z\000a\000m\000i\000n\000a\000s\000\050\000\051}{subsection.5.1.3}% 25
\BOOKMARK [3][-]{subsubsection.5.1.3.8}{\376\377\0005\000.\0001\000.\0003\000.\0008\000\040\000s\000e\000t\000M\000e\000d\000i\000a\000n\000a\000\050\000\051}{subsection.5.1.3}% 26
\BOOKMARK [3][-]{subsubsection.5.1.3.9}{\376\377\0005\000.\0001\000.\0003\000.\0009\000\040\000s\000e\000t\000V\000i\000d\000u\000r\000k\000i\000s\000\050\000\051}{subsection.5.1.3}% 27
\BOOKMARK [3][-]{subsubsection.5.1.3.10}{\376\377\0005\000.\0001\000.\0003\000.\0001\0000\000\040\000t\000i\000p\000a\000s\000\050\000\051}{subsection.5.1.3}% 28
\BOOKMARK [3][-]{subsubsection.5.1.3.11}{\376\377\0005\000.\0001\000.\0003\000.\0001\0001\000\040\000v\000i\000d\000u\000r\000k\000i\000s\000\050\000\051}{subsection.5.1.3}% 29
\BOOKMARK [2][-]{subsection.5.1.4}{\376\377\0005\000.\0001\000.\0004\000\040\000M\000e\000m\000b\000e\000r\000\040\000D\000a\000t\000a\000\040\000D\000o\000c\000u\000m\000e\000n\000t\000a\000t\000i\000o\000n}{section.5.1}% 30
\BOOKMARK [3][-]{subsubsection.5.1.4.1}{\376\377\0005\000.\0001\000.\0004\000.\0001\000\040\000e\000g\000z\000a\000m\000i\000n\000a\000s\000\137}{subsection.5.1.4}% 31
\BOOKMARK [3][-]{subsubsection.5.1.4.2}{\376\377\0005\000.\0001\000.\0004\000.\0002\000\040\000m\000e\000d\000i\000a\000n\000a\000\137}{subsection.5.1.4}% 32
\BOOKMARK [3][-]{subsubsection.5.1.4.3}{\376\377\0005\000.\0001\000.\0004\000.\0003\000\040\000p\000a\000z\000y\000m\000i\000a\000i\000\137}{subsection.5.1.4}% 33
\BOOKMARK [3][-]{subsubsection.5.1.4.4}{\376\377\0005\000.\0001\000.\0004\000.\0004\000\040\000v\000i\000d\000u\000r\000k\000i\000s\000\137}{subsection.5.1.4}% 34
\BOOKMARK [1][-]{section.5.2}{\376\377\0005\000.\0002\000\040\000Z\000m\000o\000g\000u\000s\000\040\000C\000l\000a\000s\000s\000\040\000R\000e\000f\000e\000r\000e\000n\000c\000e}{chapter.5}% 35
\BOOKMARK [2][-]{subsection.5.2.1}{\376\377\0005\000.\0002\000.\0001\000\040\000D\000e\000t\000a\000i\000l\000e\000d\000\040\000D\000e\000s\000c\000r\000i\000p\000t\000i\000o\000n}{section.5.2}% 36
\BOOKMARK [2][-]{subsection.5.2.2}{\376\377\0005\000.\0002\000.\0002\000\040\000C\000o\000n\000s\000t\000r\000u\000c\000t\000o\000r\000\040\000\046\000\040\000D\000e\000s\000t\000r\000u\000c\000t\000o\000r\000\040\000D\000o\000c\000u\000m\000e\000n\000t\000a\000t\000i\000o\000n}{section.5.2}% 37
\BOOKMARK [3][-]{subsubsection.5.2.2.1}{\376\377\0005\000.\0002\000.\0002\000.\0001\000\040\000Z\000m\000o\000g\000u\000s\000\050\000\051\000\040\000[\0001\000/\0003\000]}{subsection.5.2.2}% 38
\BOOKMARK [3][-]{subsubsection.5.2.2.2}{\376\377\0005\000.\0002\000.\0002\000.\0002\000\040\000Z\000m\000o\000g\000u\000s\000\050\000\051\000\040\000[\0002\000/\0003\000]}{subsection.5.2.2}% 39
\BOOKMARK [3][-]{subsubsection.5.2.2.3}{\376\377\0005\000.\0002\000.\0002\000.\0003\000\040\000Z\000m\000o\000g\000u\000s\000\050\000\051\000\040\000[\0003\000/\0003\000]}{subsection.5.2.2}% 40
\BOOKMARK [3][-]{subsubsection.5.2.2.4}{\376\377\0005\000.\0002\000.\0002\000.\0004\000\040\000~\000Z\000m\000o\000g\000u\000s\000\050\000\051}{subsection.5.2.2}% 41
\BOOKMARK [2][-]{subsection.5.2.3}{\376\377\0005\000.\0002\000.\0003\000\040\000M\000e\000m\000b\000e\000r\000\040\000F\000u\000n\000c\000t\000i\000o\000n\000\040\000D\000o\000c\000u\000m\000e\000n\000t\000a\000t\000i\000o\000n}{section.5.2}% 42
\BOOKMARK [3][-]{subsubsection.5.2.3.1}{\376\377\0005\000.\0002\000.\0003\000.\0001\000\040\000o\000p\000e\000r\000a\000t\000o\000r\000=\000\050\000\051\000\040\000[\0001\000/\0002\000]}{subsection.5.2.3}% 43
\BOOKMARK [3][-]{subsubsection.5.2.3.2}{\376\377\0005\000.\0002\000.\0003\000.\0002\000\040\000o\000p\000e\000r\000a\000t\000o\000r\000=\000\050\000\051\000\040\000[\0002\000/\0002\000]}{subsection.5.2.3}% 44
\BOOKMARK [3][-]{subsubsection.5.2.3.3}{\376\377\0005\000.\0002\000.\0003\000.\0003\000\040\000p\000a\000v\000a\000r\000d\000e\000\050\000\051}{subsection.5.2.3}% 45
\BOOKMARK [3][-]{subsubsection.5.2.3.4}{\376\377\0005\000.\0002\000.\0003\000.\0004\000\040\000s\000e\000t\000P\000a\000v\000a\000r\000d\000e\000\050\000\051}{subsection.5.2.3}% 46
\BOOKMARK [3][-]{subsubsection.5.2.3.5}{\376\377\0005\000.\0002\000.\0003\000.\0005\000\040\000s\000e\000t\000V\000a\000r\000d\000a\000s\000\050\000\051}{subsection.5.2.3}% 47
\BOOKMARK [3][-]{subsubsection.5.2.3.6}{\376\377\0005\000.\0002\000.\0003\000.\0006\000\040\000t\000i\000p\000a\000s\000\050\000\051}{subsection.5.2.3}% 48
\BOOKMARK [3][-]{subsubsection.5.2.3.7}{\376\377\0005\000.\0002\000.\0003\000.\0007\000\040\000v\000a\000r\000d\000a\000s\000\050\000\051}{subsection.5.2.3}% 49
\BOOKMARK [2][-]{subsection.5.2.4}{\376\377\0005\000.\0002\000.\0004\000\040\000M\000e\000m\000b\000e\000r\000\040\000D\000a\000t\000a\000\040\000D\000o\000c\000u\000m\000e\000n\000t\000a\000t\000i\000o\000n}{section.5.2}% 50
\BOOKMARK [3][-]{subsubsection.5.2.4.1}{\376\377\0005\000.\0002\000.\0004\000.\0001\000\040\000p\000a\000v\000a\000r\000d\000e\000\137}{subsection.5.2.4}% 51
\BOOKMARK [3][-]{subsubsection.5.2.4.2}{\376\377\0005\000.\0002\000.\0004\000.\0002\000\040\000v\000a\000r\000d\000a\000s\000\137}{subsection.5.2.4}% 52
\BOOKMARK [0][-]{chapter.6}{\376\377\0006\000\040\000F\000i\000l\000e\000\040\000D\000o\000c\000u\000m\000e\000n\000t\000a\000t\000i\000o\000n}{}% 53
\BOOKMARK [1][-]{section.6.1}{\376\377\0006\000.\0001\000\040\000f\000u\000n\000k\000c\000i\000j\000o\000s\000.\000h}{chapter.6}% 54
\BOOKMARK [1][-]{section.6.2}{\376\377\0006\000.\0002\000\040\000l\000i\000b\000r\000a\000r\000y\000.\000h}{chapter.6}% 55
\BOOKMARK [1][-]{section.6.3}{\376\377\0006\000.\0003\000\040\000m\000a\000i\000n\000.\000c\000p\000p}{chapter.6}% 56
\BOOKMARK [1][-]{section.6.4}{\376\377\0006\000.\0004\000\040\000o\000b\000j\000e\000k\000t\000i\000n\000i\000s\000\137\000p\000a\000t\000i\000k\000r\000i\000n\000i\000m\000a\000i\000.\000c\000p\000p}{chapter.6}% 57
\BOOKMARK [1][-]{section.6.5}{\376\377\0006\000.\0005\000\040\000p\000a\000t\000i\000k\000r\000i\000n\000i\000m\000a\000i\000.\000h}{chapter.6}% 58
\BOOKMARK [1][-]{section.6.6}{\376\377\0006\000.\0006\000\040\000r\000u\000l\000e\000\137\000o\000f\000\137\000f\000i\000v\000e\000\137\000t\000e\000s\000t\000.\000c\000p\000p}{chapter.6}% 59
\BOOKMARK [0][-]{section*.11}{\376\377\000I\000n\000d\000e\000x}{}% 60
